// Jest Snapshot v1, https://goo.gl/fbAQLP

exports[`renders correctly 1`] = `
<div>
  <h2>
    Rules of game
  </h2>
  <p>
    The rules are simple:
  </p>
  <ul>
    <li>
      Time for all questions 
      0
       min. 
    </li>
    <li>
      You can make 
      0
       errors.
    </li>
  </ul>
  <p>
    Good luck!
  </p>
  <button>
    Start of game
  </button>
</div>
`;
