// Jest Snapshot v1, https://goo.gl/fbAQLP

exports[`renders correctly 1`] = `
<section
  className="welcome"
>
  <div
    className="welcome__logo"
  >
    <img
      alt="Guess the melody"
      height="83"
      src="img/melody-logo.png"
      width="186"
    />
  </div>
  <div>
    <h2
      className="welcome__rules-title"
    >
      Rules of game
    </h2>
    <p
      className="welcome__text"
    >
      The rules are simple:
    </p>
    <ul
      className="welcome__rules-list"
    >
      <li>
        Time for all questions 
        0
         min. 
      </li>
      <li>
        You can make 
        0
         errors.
      </li>
    </ul>
    <p
      className="welcome__text"
    >
      Good luck!
    </p>
    <button
      className="welcome__button"
    >
      <span
        className="visually-hidden"
      >
        Start of game
      </span>
    </button>
  </div>
</section>
`;
